// Jest Snapshot v1, https://goo.gl/fbAQLP

exports[`normalizrUtils should return a flat competitor array 1`] = `
Object {
  "competitors": Array [
    Object {
      "apn": "2.2,2.4,3.6,5.7,6.6,8.2,9.2,9.4",
      "barrier": 2,
      "eliminated": "no",
      "fixed_place_price": "30.86",
      "fixed_win_price": "12.23",
      "id": 708751,
      "name": "Prof. Raymond Tremblay III",
      "saddle_number": 1,
    },
    Object {
      "apn": "1.8,2.2,2.3,2.4,2.5,5,8.4,9.2",
      "barrier": 3,
      "eliminated": "yes",
      "fixed_place_price": "57.39",
      "fixed_win_price": "23.28",
      "id": 827690,
      "name": "Abdiel Ryan",
      "saddle_number": 2,
    },
    Object {
      "apn": "2.2,2.3,3.6,4.2,4.4,5.6,5.6,6.5",
      "barrier": 4,
      "eliminated": "yes",
      "fixed_place_price": "92.47",
      "fixed_win_price": "42.07",
      "id": 682372,
      "name": "Mr. Lorenza Welch Jr.",
      "saddle_number": 3,
    },
    Object {
      "apn": "1.5,5.3,5.6,7,7.4,8,8.3,9",
      "barrier": 5,
      "eliminated": "no",
      "fixed_place_price": "90.5",
      "fixed_win_price": "49.48",
      "id": 542769,
      "name": "Kolby Ziemann MD",
      "saddle_number": 4,
    },
    Object {
      "apn": "1.9,2.2,4,5.4,5.6,7.5,9.8,9.9",
      "barrier": 6,
      "eliminated": "no",
      "fixed_place_price": "81.26",
      "fixed_win_price": "3.36",
      "id": 394478,
      "name": "Dr. Jeremy Sipes MD",
      "saddle_number": 5,
    },
    Object {
      "apn": "2.5,3.3,3.3,4.7,4.7,5.7,7.4,8",
      "barrier": 7,
      "eliminated": "yes",
      "fixed_place_price": "71.66",
      "fixed_win_price": "76.84",
      "id": 874992,
      "name": "Thad Reichert",
      "saddle_number": 6,
    },
    Object {
      "apn": "1.5,3.5,4,6.8,6.9,7.3,8.7,9.1",
      "barrier": 8,
      "eliminated": "yes",
      "fixed_place_price": "91",
      "fixed_win_price": "82.67",
      "id": 721910,
      "name": "Dr. Jairo Heidenreich II",
      "saddle_number": 7,
    },
    Object {
      "apn": "1.6,3.5,5,5.7,6.7,7.2,7.6,8.6",
      "barrier": 9,
      "eliminated": "no",
      "fixed_place_price": "85.09",
      "fixed_win_price": "99.77",
      "id": 817362,
      "name": "Mr. Kenny Yost",
      "saddle_number": 8,
    },
    Object {
      "apn": "1.5,2.8,3,3.6,4.8,4.9,5.7,5.9",
      "barrier": 10,
      "eliminated": "no",
      "fixed_place_price": "37.61",
      "fixed_win_price": "3.61",
      "id": 832153,
      "name": "Paul Schamberger",
      "saddle_number": 9,
    },
    Object {
      "apn": "2.3,2.6,3.2,3.4,5.8,7,7.8,8.2",
      "barrier": 11,
      "eliminated": "yes",
      "fixed_place_price": "41.94",
      "fixed_win_price": "10",
      "id": 675117,
      "name": "Miss Judy Baumbach Jr.",
      "saddle_number": 10,
    },
  ],
  "event": Array [
    Object {
      "description": "Jimmie Islands",
      "id": 30395,
      "outcome": 1499722976,
      "race_num": 1,
      "status": "open",
    },
  ],
  "event_id": "30395",
}
`;

exports[`normalizrUtils should return a flat events array 1`] = `
Object {
  "entities": Object {
    "events": Object {
      "10637": Object {
        "description": "Stamm Key",
        "id": 10637,
        "meeting_id": 2589,
        "outcome": 1499726080,
        "race_num": 10,
        "status": "open",
        "type": "T",
      },
      "11615": Object {
        "description": "Walsh Green",
        "id": 11615,
        "meeting_id": 3824,
        "outcome": 1499726193,
        "race_num": 10,
        "status": "open",
        "type": "H",
      },
      "12137": Object {
        "description": "Erica Mountain",
        "id": 12137,
        "meeting_id": 1374,
        "outcome": 1499723187,
        "race_num": 1,
        "status": "open",
        "type": "G",
      },
      "12367": Object {
        "description": "Crooks Light",
        "id": 12367,
        "meeting_id": 6364,
        "outcome": 1499723294,
        "race_num": 2,
        "status": "open",
        "type": "G",
      },
      "12642": Object {
        "description": "Rudy Mountains",
        "id": 12642,
        "meeting_id": 1374,
        "outcome": 1499723195,
        "race_num": 2,
        "status": "open",
        "type": "G",
      },
      "12895": Object {
        "description": "Clifford Courts",
        "id": 12895,
        "meeting_id": 1374,
        "outcome": 1499724487,
        "race_num": 6,
        "status": "open",
        "type": "G",
      },
      "15210": Object {
        "description": "Renner Locks",
        "id": 15210,
        "meeting_id": 2589,
        "outcome": 1499724882,
        "race_num": 6,
        "status": "open",
        "type": "T",
      },
      "15962": Object {
        "description": "Cielo Landing",
        "id": 15962,
        "meeting_id": 3604,
        "outcome": 1499725704,
        "race_num": 8,
        "status": "open",
        "type": "H",
      },
      "16445": Object {
        "description": "Mitchell Land",
        "id": 16445,
        "meeting_id": 6364,
        "outcome": 1499724273,
        "race_num": 3,
        "status": "open",
        "type": "G",
      },
      "16575": Object {
        "description": "Damien Trafficway",
        "id": 16575,
        "meeting_id": 3604,
        "outcome": 1499724122,
        "race_num": 4,
        "status": "open",
        "type": "H",
      },
      "16749": Object {
        "description": "Reichel Pines",
        "id": 16749,
        "meeting_id": 1228,
        "outcome": 1499723459,
        "race_num": 2,
        "status": "open",
        "type": "G",
      },
      "18691": Object {
        "description": "Oberbrunner Locks",
        "id": 18691,
        "meeting_id": 6364,
        "outcome": 1499723078,
        "race_num": 1,
        "status": "open",
        "type": "G",
      },
      "18944": Object {
        "description": "Wilkinson Greens",
        "id": 18944,
        "meeting_id": 3824,
        "outcome": 1499726029,
        "race_num": 9,
        "status": "open",
        "type": "H",
      },
      "19267": Object {
        "description": "Leonard Canyon",
        "id": 19267,
        "meeting_id": 1228,
        "outcome": 1499725988,
        "race_num": 9,
        "status": "open",
        "type": "G",
      },
      "19272": Object {
        "description": "Blanda Squares",
        "id": 19272,
        "meeting_id": 6328,
        "outcome": 1499723208,
        "race_num": 1,
        "status": "open",
        "type": "G",
      },
      "19470": Object {
        "description": "Ankunding Isle",
        "id": 19470,
        "meeting_id": 2589,
        "outcome": 1499723947,
        "race_num": 4,
        "status": "open",
        "type": "T",
      },
      "21511": Object {
        "description": "Klocko Dam",
        "id": 21511,
        "meeting_id": 1374,
        "outcome": 1499724871,
        "race_num": 8,
        "status": "open",
        "type": "G",
      },
      "22362": Object {
        "description": "Emery Avenue",
        "id": 22362,
        "meeting_id": 7482,
        "outcome": 1499725910,
        "race_num": 7,
        "status": "open",
        "type": "H",
      },
      "22727": Object {
        "description": "Wiley Mountains",
        "id": 22727,
        "meeting_id": 1374,
        "outcome": 1499723328,
        "race_num": 3,
        "status": "open",
        "type": "G",
      },
      "24203": Object {
        "description": "Mohr Plain",
        "id": 24203,
        "meeting_id": 2589,
        "outcome": 1499723882,
        "race_num": 3,
        "status": "open",
        "type": "T",
      },
      "25995": Object {
        "description": "McKenzie Walks",
        "id": 25995,
        "meeting_id": 2841,
        "outcome": 1499725405,
        "race_num": 8,
        "status": "open",
        "type": "H",
      },
      "26193": Object {
        "description": "Heathcote Trafficway",
        "id": 26193,
        "meeting_id": 2765,
        "outcome": 1499723386,
        "race_num": 6,
        "status": "open",
        "type": "G",
      },
      "26825": Object {
        "description": "Dessie Ways",
        "id": 26825,
        "meeting_id": 2841,
        "outcome": 1499723238,
        "race_num": 2,
        "status": "open",
        "type": "H",
      },
      "27486": Object {
        "description": "Smith Vista",
        "id": 27486,
        "meeting_id": 6328,
        "outcome": 1499724931,
        "race_num": 7,
        "status": "open",
        "type": "G",
      },
      "28038": Object {
        "description": "O'Hara Plains",
        "id": 28038,
        "meeting_id": 1228,
        "outcome": 1499724196,
        "race_num": 3,
        "status": "open",
        "type": "G",
      },
      "29778": Object {
        "description": "Sydney Rue",
        "id": 29778,
        "meeting_id": 1228,
        "outcome": 1499726368,
        "race_num": 10,
        "status": "open",
        "type": "G",
      },
      "30395": Object {
        "description": "Jimmie Islands",
        "id": 30395,
        "meeting_id": 2589,
        "outcome": 1499722976,
        "race_num": 1,
        "status": "open",
        "type": "T",
      },
      "30589": Object {
        "description": "Wuckert Keys",
        "id": 30589,
        "meeting_id": 2589,
        "outcome": 1499723175,
        "race_num": 2,
        "status": "open",
        "type": "T",
      },
      "31204": Object {
        "description": "Bechtelar Wells",
        "id": 31204,
        "meeting_id": 1228,
        "outcome": 1499723158,
        "race_num": 1,
        "status": "open",
        "type": "G",
      },
      "31509": Object {
        "description": "Edgardo Parkway",
        "id": 31509,
        "meeting_id": 7482,
        "outcome": 1499725258,
        "race_num": 4,
        "status": "open",
        "type": "H",
      },
      "31571": Object {
        "description": "Caden Pass",
        "id": 31571,
        "meeting_id": 7482,
        "outcome": 1499723795,
        "race_num": 3,
        "status": "open",
        "type": "H",
      },
      "31952": Object {
        "description": "Ida Loop",
        "id": 31952,
        "meeting_id": 2589,
        "outcome": 1499725396,
        "race_num": 8,
        "status": "open",
        "type": "T",
      },
      "32371": Object {
        "description": "Jerald Dale",
        "id": 32371,
        "meeting_id": 6364,
        "outcome": 1499724575,
        "race_num": 4,
        "status": "open",
        "type": "G",
      },
      "33599": Object {
        "description": "Anderson Canyon",
        "id": 33599,
        "meeting_id": 2765,
        "outcome": 1499723080,
        "race_num": 3,
        "status": "open",
        "type": "G",
      },
      "33931": Object {
        "description": "DuBuque Square",
        "id": 33931,
        "meeting_id": 2841,
        "outcome": 1499724375,
        "race_num": 6,
        "status": "open",
        "type": "H",
      },
      "34179": Object {
        "description": "Jaleel Summit",
        "id": 34179,
        "meeting_id": 2841,
        "outcome": 1499723151,
        "race_num": 1,
        "status": "open",
        "type": "H",
      },
      "34416": Object {
        "description": "Grayson Village",
        "id": 34416,
        "meeting_id": 6328,
        "outcome": 1499724924,
        "race_num": 6,
        "status": "open",
        "type": "G",
      },
      "34508": Object {
        "description": "Zieme Landing",
        "id": 34508,
        "meeting_id": 1374,
        "outcome": 1499724518,
        "race_num": 7,
        "status": "open",
        "type": "G",
      },
      "35365": Object {
        "description": "Paxton Manors",
        "id": 35365,
        "meeting_id": 3604,
        "outcome": 1499723837,
        "race_num": 2,
        "status": "open",
        "type": "H",
      },
      "36177": Object {
        "description": "Ezequiel Course",
        "id": 36177,
        "meeting_id": 6364,
        "outcome": 1499726106,
        "race_num": 9,
        "status": "open",
        "type": "G",
      },
      "37332": Object {
        "description": "Emmerich Isle",
        "id": 37332,
        "meeting_id": 2765,
        "outcome": 1499723079,
        "race_num": 2,
        "status": "open",
        "type": "G",
      },
      "37633": Object {
        "description": "Grant Road",
        "id": 37633,
        "meeting_id": 7482,
        "outcome": 1499725432,
        "race_num": 6,
        "status": "open",
        "type": "H",
      },
      "38569": Object {
        "description": "Rutherford Brook",
        "id": 38569,
        "meeting_id": 6364,
        "outcome": 1499725322,
        "race_num": 7,
        "status": "open",
        "type": "G",
      },
      "38656": Object {
        "description": "Kathleen Rue",
        "id": 38656,
        "meeting_id": 7482,
        "outcome": 1499723700,
        "race_num": 2,
        "status": "open",
        "type": "H",
      },
      "39626": Object {
        "description": "Marquise Loop",
        "id": 39626,
        "meeting_id": 1374,
        "outcome": 1499725718,
        "race_num": 9,
        "status": "open",
        "type": "G",
      },
      "40048": Object {
        "description": "Loy Shoals",
        "id": 40048,
        "meeting_id": 2765,
        "outcome": 1499723071,
        "race_num": 1,
        "status": "open",
        "type": "G",
      },
      "41382": Object {
        "description": "Jacklyn Causeway",
        "id": 41382,
        "meeting_id": 6364,
        "outcome": 1499725725,
        "race_num": 8,
        "status": "open",
        "type": "G",
      },
      "43125": Object {
        "description": "Schamberger Lights",
        "id": 43125,
        "meeting_id": 3824,
        "outcome": 1499724558,
        "race_num": 2,
        "status": "open",
        "type": "H",
      },
      "43305": Object {
        "description": "Murray Glens",
        "id": 43305,
        "meeting_id": 7482,
        "outcome": 1499723084,
        "race_num": 1,
        "status": "open",
        "type": "H",
      },
      "46179": Object {
        "description": "Vivienne Shore",
        "id": 46179,
        "meeting_id": 6328,
        "outcome": 1499723672,
        "race_num": 5,
        "status": "open",
        "type": "G",
      },
      "46431": Object {
        "description": "Macie Crossroad",
        "id": 46431,
        "meeting_id": 6328,
        "outcome": 1499725416,
        "race_num": 9,
        "status": "open",
        "type": "G",
      },
      "46933": Object {
        "description": "Brandy Club",
        "id": 46933,
        "meeting_id": 2765,
        "outcome": 1499723175,
        "race_num": 4,
        "status": "open",
        "type": "G",
      },
      "46964": Object {
        "description": "Doyle Cove",
        "id": 46964,
        "meeting_id": 6364,
        "outcome": 1499726111,
        "race_num": 10,
        "status": "open",
        "type": "G",
      },
      "49308": Object {
        "description": "Sincere Walks",
        "id": 49308,
        "meeting_id": 7482,
        "outcome": 1499726085,
        "race_num": 8,
        "status": "open",
        "type": "H",
      },
      "49527": Object {
        "description": "Hyman Way",
        "id": 49527,
        "meeting_id": 1228,
        "outcome": 1499725443,
        "race_num": 8,
        "status": "open",
        "type": "G",
      },
      "49529": Object {
        "description": "Ryan Loaf",
        "id": 49529,
        "meeting_id": 2765,
        "outcome": 1499723404,
        "race_num": 8,
        "status": "open",
        "type": "G",
      },
      "51807": Object {
        "description": "Crooks Rapid",
        "id": 51807,
        "meeting_id": 7482,
        "outcome": 1499726354,
        "race_num": 10,
        "status": "open",
        "type": "H",
      },
      "53156": Object {
        "description": "Cruz Underpass",
        "id": 53156,
        "meeting_id": 2841,
        "outcome": 1499724211,
        "race_num": 3,
        "status": "open",
        "type": "H",
      },
      "53271": Object {
        "description": "Kenneth Underpass",
        "id": 53271,
        "meeting_id": 6328,
        "outcome": 1499723583,
        "race_num": 4,
        "status": "open",
        "type": "G",
      },
      "55178": Object {
        "description": "Stoltenberg Stravenue",
        "id": 55178,
        "meeting_id": 2841,
        "outcome": 1499726466,
        "race_num": 10,
        "status": "open",
        "type": "H",
      },
      "55381": Object {
        "description": "Dayne Forks",
        "id": 55381,
        "meeting_id": 2589,
        "outcome": 1499725422,
        "race_num": 9,
        "status": "open",
        "type": "T",
      },
      "55507": Object {
        "description": "Ceasar Extension",
        "id": 55507,
        "meeting_id": 1228,
        "outcome": 1499724410,
        "race_num": 5,
        "status": "open",
        "type": "G",
      },
      "56975": Object {
        "description": "Lowe Mountains",
        "id": 56975,
        "meeting_id": 2841,
        "outcome": 1499725561,
        "race_num": 9,
        "status": "open",
        "type": "H",
      },
      "58427": Object {
        "description": "Tom Point",
        "id": 58427,
        "meeting_id": 3824,
        "outcome": 1499724675,
        "race_num": 4,
        "status": "open",
        "type": "H",
      },
      "60389": Object {
        "description": "Ericka Mount",
        "id": 60389,
        "meeting_id": 3824,
        "outcome": 1499724769,
        "race_num": 5,
        "status": "open",
        "type": "H",
      },
      "60688": Object {
        "description": "Schmidt Route",
        "id": 60688,
        "meeting_id": 6328,
        "outcome": 1499726079,
        "race_num": 10,
        "status": "open",
        "type": "G",
      },
      "61286": Object {
        "description": "Hegmann Squares",
        "id": 61286,
        "meeting_id": 2765,
        "outcome": 1499723186,
        "race_num": 5,
        "status": "open",
        "type": "G",
      },
      "62555": Object {
        "description": "Lavada Ridges",
        "id": 62555,
        "meeting_id": 3824,
        "outcome": 1499723837,
        "race_num": 1,
        "status": "open",
        "type": "H",
      },
      "62821": Object {
        "description": "Loyal Loaf",
        "id": 62821,
        "meeting_id": 1228,
        "outcome": 1499725240,
        "race_num": 7,
        "status": "open",
        "type": "G",
      },
      "64861": Object {
        "description": "Matt Club",
        "id": 64861,
        "meeting_id": 3604,
        "outcome": 1499724127,
        "race_num": 5,
        "status": "open",
        "type": "H",
      },
      "67377": Object {
        "description": "Langworth View",
        "id": 67377,
        "meeting_id": 7482,
        "outcome": 1499726287,
        "race_num": 9,
        "status": "open",
        "type": "H",
      },
      "68735": Object {
        "description": "Arnold Ranch",
        "id": 68735,
        "meeting_id": 1228,
        "outcome": 1499724829,
        "race_num": 6,
        "status": "open",
        "type": "G",
      },
      "69394": Object {
        "description": "Crist Greens",
        "id": 69394,
        "meeting_id": 3604,
        "outcome": 1499723952,
        "race_num": 3,
        "status": "open",
        "type": "H",
      },
      "69401": Object {
        "description": "Cummerata Forks",
        "id": 69401,
        "meeting_id": 1228,
        "outcome": 1499724240,
        "race_num": 4,
        "status": "open",
        "type": "G",
      },
      "70015": Object {
        "description": "Langworth Loaf",
        "id": 70015,
        "meeting_id": 1374,
        "outcome": 1499723624,
        "race_num": 4,
        "status": "open",
        "type": "G",
      },
      "70639": Object {
        "description": "Towne Mountains",
        "id": 70639,
        "meeting_id": 2841,
        "outcome": 1499724333,
        "race_num": 5,
        "status": "open",
        "type": "H",
      },
      "70956": Object {
        "description": "Hoeger Mission",
        "id": 70956,
        "meeting_id": 2765,
        "outcome": 1499723394,
        "race_num": 7,
        "status": "open",
        "type": "G",
      },
      "71212": Object {
        "description": "Kilback Knoll",
        "id": 71212,
        "meeting_id": 2589,
        "outcome": 1499725222,
        "race_num": 7,
        "status": "open",
        "type": "T",
      },
      "71408": Object {
        "description": "Kihn Mall",
        "id": 71408,
        "meeting_id": 6364,
        "outcome": 1499725173,
        "race_num": 6,
        "status": "open",
        "type": "G",
      },
      "71457": Object {
        "description": "Terence Rapids",
        "id": 71457,
        "meeting_id": 1374,
        "outcome": 1499725788,
        "race_num": 10,
        "status": "open",
        "type": "G",
      },
      "71788": Object {
        "description": "Maude Cliffs",
        "id": 71788,
        "meeting_id": 1374,
        "outcome": 1499723645,
        "race_num": 5,
        "status": "open",
        "type": "G",
      },
      "73141": Object {
        "description": "Joanne Inlet",
        "id": 73141,
        "meeting_id": 6328,
        "outcome": 1499723369,
        "race_num": 2,
        "status": "open",
        "type": "G",
      },
      "73798": Object {
        "description": "Maryse Key",
        "id": 73798,
        "meeting_id": 3604,
        "outcome": 1499723594,
        "race_num": 1,
        "status": "open",
        "type": "H",
      },
      "74324": Object {
        "description": "Lakin Motorway",
        "id": 74324,
        "meeting_id": 3824,
        "outcome": 1499725754,
        "race_num": 6,
        "status": "open",
        "type": "H",
      },
      "75483": Object {
        "description": "Kozey Extensions",
        "id": 75483,
        "meeting_id": 3604,
        "outcome": 1499725430,
        "race_num": 7,
        "status": "open",
        "type": "H",
      },
      "75495": Object {
        "description": "Stark Stream",
        "id": 75495,
        "meeting_id": 2765,
        "outcome": 1499725871,
        "race_num": 10,
        "status": "open",
        "type": "G",
      },
      "75912": Object {
        "description": "Kirlin Fort",
        "id": 75912,
        "meeting_id": 3604,
        "outcome": 1499724278,
        "race_num": 6,
        "status": "open",
        "type": "H",
      },
      "76303": Object {
        "description": "Kohler Hills",
        "id": 76303,
        "meeting_id": 6364,
        "outcome": 1499724578,
        "race_num": 5,
        "status": "open",
        "type": "G",
      },
      "77134": Object {
        "description": "Darrion Summit",
        "id": 77134,
        "meeting_id": 3824,
        "outcome": 1499725977,
        "race_num": 8,
        "status": "open",
        "type": "H",
      },
      "79170": Object {
        "description": "West Mews",
        "id": 79170,
        "meeting_id": 2765,
        "outcome": 1499724493,
        "race_num": 9,
        "status": "open",
        "type": "G",
      },
      "79309": Object {
        "description": "Senger Field",
        "id": 79309,
        "meeting_id": 2841,
        "outcome": 1499725227,
        "race_num": 7,
        "status": "open",
        "type": "H",
      },
      "79492": Object {
        "description": "Howe Via",
        "id": 79492,
        "meeting_id": 2841,
        "outcome": 1499724236,
        "race_num": 4,
        "status": "open",
        "type": "H",
      },
      "79536": Object {
        "description": "Jaeden Divide",
        "id": 79536,
        "meeting_id": 3604,
        "outcome": 1499725752,
        "race_num": 9,
        "status": "open",
        "type": "H",
      },
      "83099": Object {
        "description": "Charlene Extension",
        "id": 83099,
        "meeting_id": 2589,
        "outcome": 1499724620,
        "race_num": 5,
        "status": "open",
        "type": "T",
      },
      "84569": Object {
        "description": "Romaguera Park",
        "id": 84569,
        "meeting_id": 3604,
        "outcome": 1499726545,
        "race_num": 10,
        "status": "open",
        "type": "H",
      },
      "85012": Object {
        "description": "Mary Pass",
        "id": 85012,
        "meeting_id": 3824,
        "outcome": 1499724659,
        "race_num": 3,
        "status": "open",
        "type": "H",
      },
      "85146": Object {
        "description": "Morissette Heights",
        "id": 85146,
        "meeting_id": 6328,
        "outcome": 1499725401,
        "race_num": 8,
        "status": "open",
        "type": "G",
      },
      "85189": Object {
        "description": "Bernier Junction",
        "id": 85189,
        "meeting_id": 7482,
        "outcome": 1499725431,
        "race_num": 5,
        "status": "open",
        "type": "H",
      },
      "85468": Object {
        "description": "Douglas Plaza",
        "id": 85468,
        "meeting_id": 6328,
        "outcome": 1499723525,
        "race_num": 3,
        "status": "open",
        "type": "G",
      },
      "88971": Object {
        "description": "Lockman Crest",
        "id": 88971,
        "meeting_id": 3824,
        "outcome": 1499725890,
        "race_num": 7,
        "status": "open",
        "type": "H",
      },
    },
    "meetings": Object {
      "1228": Object {
        "country": "AU",
        "date": "2017-07-10",
        "events": Array [
          31204,
          16749,
          28038,
          69401,
          55507,
          68735,
          62821,
          49527,
          19267,
          29778,
        ],
        "id": 1228,
        "name": "West Orrinview",
        "type": "G",
      },
      "1374": Object {
        "country": "AU",
        "date": "2017-07-11",
        "events": Array [
          12137,
          12642,
          22727,
          70015,
          71788,
          12895,
          34508,
          21511,
          39626,
          71457,
        ],
        "id": 1374,
        "name": "West Salma",
        "type": "G",
      },
      "2589": Object {
        "country": "AU",
        "date": "2017-07-11",
        "events": Array [
          30395,
          30589,
          24203,
          19470,
          83099,
          15210,
          71212,
          31952,
          55381,
          10637,
        ],
        "id": 2589,
        "name": "New Cyrus",
        "type": "T",
      },
      "2765": Object {
        "country": "AU",
        "date": "2017-07-11",
        "events": Array [
          40048,
          37332,
          33599,
          46933,
          61286,
          26193,
          70956,
          49529,
          79170,
          75495,
        ],
        "id": 2765,
        "name": "West Pearlie",
        "type": "G",
      },
      "2841": Object {
        "country": "AU",
        "date": "2017-07-11",
        "events": Array [
          34179,
          26825,
          53156,
          79492,
          70639,
          33931,
          79309,
          25995,
          56975,
          55178,
        ],
        "id": 2841,
        "name": "North Assuntaside",
        "type": "H",
      },
      "3604": Object {
        "country": "AU",
        "date": "2017-07-11",
        "events": Array [
          73798,
          35365,
          69394,
          16575,
          64861,
          75912,
          75483,
          15962,
          79536,
          84569,
        ],
        "id": 3604,
        "name": "Gerholdton",
        "type": "H",
      },
      "3824": Object {
        "country": "AU",
        "date": "2017-07-11",
        "events": Array [
          62555,
          43125,
          85012,
          58427,
          60389,
          74324,
          88971,
          77134,
          18944,
          11615,
        ],
        "id": 3824,
        "name": "New Matteo",
        "type": "H",
      },
      "6328": Object {
        "country": "AU",
        "date": "2017-07-11",
        "events": Array [
          19272,
          73141,
          85468,
          53271,
          46179,
          34416,
          27486,
          85146,
          46431,
          60688,
        ],
        "id": 6328,
        "name": "Venatown",
        "type": "G",
      },
      "6364": Object {
        "country": "AU",
        "date": "2017-07-11",
        "events": Array [
          18691,
          12367,
          16445,
          32371,
          76303,
          71408,
          38569,
          41382,
          36177,
          46964,
        ],
        "id": 6364,
        "name": "East Tyrese",
        "type": "G",
      },
      "7482": Object {
        "country": "AU",
        "date": "2017-07-11",
        "events": Array [
          43305,
          38656,
          31571,
          31509,
          85189,
          37633,
          22362,
          49308,
          67377,
          51807,
        ],
        "id": 7482,
        "name": "New Alejandraside",
        "type": "H",
      },
    },
  },
  "result": Array [
    2589,
    2765,
    6364,
    6328,
    1228,
    1374,
    2841,
    3604,
    3824,
    7482,
  ],
}
`;
